SimpleCollection.java:2:0:  error: class, interface, enum, or record expected
SimpleCollection.java:12:0:  error: illegal start of type
SimpleCollection.java:14:0:  error: illegal start of type
SimpleCollection.java:23:0:  error: illegal start of type
SimpleCollection.java:27:0:  error: illegal start of type
SimpleCollection.java:29:0:  error: illegal start of type
SimpleCollection.java:33:0:  error: illegal start of type
SimpleCollection.java:35:0:  error: illegal start of type
SimpleCollection.java:37:0:  error: illegal start of type
StringTokenizerMinLen.java:5:0:  error: class, interface, enum, or record expected
StringTokenizerMinLen.java:14:0:  error: illegal start of type
StringTokenizerMinLen.java:20:0:  error: illegal start of type
StringTokenizerMinLen.java:22:0:  error: illegal start of type
StringTokenizerMinLen.java:24:0:  error: illegal start of type
PreAndPostDec.java:9:0:  error: illegal start of type
PreAndPostDec.java:14:0:  error: illegal start of type
PreAndPostDec.java:16:0:  error: illegal start of type
PreAndPostDec.java:23:0:  error: illegal start of type
PreAndPostDec.java:25:0:  error: <identifier> expected
PreAndPostDec.java:30:0:  error: illegal start of type
PreAndPostDec.java:32:0:  error: illegal start of type
PreAndPostDec.java:39:0:  error: illegal start of type
PreAndPostDec.java:43:0:  error: illegal start of type
PreAndPostDec.java:45:0:  error: illegal start of type
PreAndPostDec.java:52:0:  error: illegal start of type
PreAndPostDec.java:56:0:  error: <identifier> expected
PreAndPostDec.java:58:0:  error: illegal start of type
PreAndPostDec.java:60:0:  error: illegal start of type
PreAndPostDec.java:62:0:  error: illegal start of type
StringOffsetTest.java:15:0:  error: illegal start of type
StringOffsetTest.java:17:0:  error: illegal start of type
NonNegativeCharValue.java:2:0:  error: class, interface, enum, or record expected
NonNegativeCharValue.java:9:0:  error: illegal start of type
NonNegativeCharValue.java:11:0:  error: illegal start of type
NonNegativeCharValue.java:13:0:  error: illegal start of type
Issue2030.java:6:0:  error: illegal start of type
Issue2030.java:8:0:  error: illegal start of type
Issue2030.java:10:0:  error: illegal start of type
Issue2030.java:12:0:  error: illegal start of type
Issue2030.java:14:0:  error: illegal start of type
Issue2030.java:16:0:  error: illegal start of type
Issue2030.java:18:0:  error: illegal start of type
Reassignment.java:10:0:  error: illegal start of type
Reassignment.java:12:0:  error: <identifier> expected
Reassignment.java:17:0:  error: illegal start of type
Reassignment.java:19:0:  error: illegal start of type
Reassignment.java:21:0:  error: illegal start of type
OffsetExample.java:2:0:  error: class, interface, enum, or record expected
OffsetExample.java:4:0:  error: class, interface, enum, or record expected
OffsetExample.java:6:0:  error: class, interface, enum, or record expected
OffsetExample.java:8:0:  error: class, interface, enum, or record expected
OffsetExample.java:21:0:  error: illegal start of type
OffsetExample.java:23:0:  error: ']' expected
OffsetExample.java:23:0:  error: ';' expected
OffsetExample.java:23:0:  error: not a statement
OffsetExample.java:23:0:  error: ';' expected
OffsetExample.java:25:0:  error: illegal start of type
OffsetExample.java:27:0:  error: illegal start of type
OffsetExample.java:38:0:  error: ']' expected
OffsetExample.java:38:0:  error: ';' expected
OffsetExample.java:40:0:  error: illegal start of type
OffsetExample.java:42:0:  error: ']' expected
OffsetExample.java:42:0:  error: ';' expected
OffsetExample.java:42:0:  error: not a statement
OffsetExample.java:42:0:  error: ';' expected
OffsetExample.java:44:0:  error: ']' expected
OffsetExample.java:44:0:  error: ';' expected
OffsetExample.java:44:0:  error: not a statement
OffsetExample.java:44:0:  error: ';' expected
OffsetExample.java:46:0:  error: ']' expected
OffsetExample.java:46:0:  error: ';' expected
OffsetExample.java:48:0:  error: ']' expected
OffsetExample.java:48:0:  error: ';' expected
OffsetExample.java:51:0:  error: ']' expected
OffsetExample.java:51:0:  error: ';' expected
OffsetExample.java:51:0:  error: not a statement
OffsetExample.java:51:0:  error: ';' expected
OffsetExample.java:53:0:  error: illegal start of type
OffsetExample.java:55:0:  error: illegal start of type
OffsetExample.java:62:0:  error: illegal start of type
OffsetExample.java:64:0:  error: ']' expected
OffsetExample.java:64:0:  error: ';' expected
OffsetExample.java:64:0:  error: not a statement
OffsetExample.java:64:0:  error: ';' expected
OffsetExample.java:66:0:  error: illegal start of type
OffsetExample.java:68:0:  error: illegal start of type
OffsetExample.java:75:0:  error: illegal start of type
OffsetExample.java:77:0:  error: ']' expected
OffsetExample.java:77:0:  error: ';' expected
OffsetExample.java:77:0:  error: not a statement
OffsetExample.java:77:0:  error: ';' expected
OffsetExample.java:79:0:  error: illegal start of type
OffsetExample.java:81:0:  error: illegal start of type
OffsetExample.java:86:0:  error: illegal start of type
OffsetExample.java:88:0:  error: ']' expected
OffsetExample.java:88:0:  error: ';' expected
OffsetExample.java:88:0:  error: not a statement
OffsetExample.java:88:0:  error: ';' expected
OffsetExample.java:90:0:  error: illegal start of type
OffsetExample.java:92:0:  error: illegal start of type
