# Checker Framework signature_string Test Suite Warnings
# Merged from multiple extraction methods
# Total Unique Warnings: 357

SignatureTypeFactoryTest.java:113: error: [assignment] [assignment] Expected error: assignment
SignatureTypeFactoryTest.java:124: error: [assignment] [assignment] Expected error: assignment
SignatureTypeFactoryTest.java:126: error: [assignment] [assignment] Expected error: assignment
SignatureTypeFactoryTest.java:128: error: [assignment] [assignment] Expected error: assignment
SignatureTypeFactoryTest.java:132: error: [assignment] [assignment] Expected error: assignment
SignatureTypeFactoryTest.java:138: error: [assignment] [assignment] Expected error: assignment
SignatureTypeFactoryTest.java:140: error: [assignment] [assignment] Expected error: assignment
SignatureTypeFactoryTest.java:142: error: [assignment] [assignment] Expected error: assignment
SignatureTypeFactoryTest.java:146: error: [assignment] [assignment] Expected error: assignment
SignatureTypeFactoryTest.java:160: error: [assignment] [assignment] Expected error: assignment
SignatureTypeFactoryTest.java:164: error: [assignment] [assignment] Expected error: assignment
SignatureTypeFactoryTest.java:166: error: [assignment] [assignment] Expected error: assignment
SignatureTypeFactoryTest.java:168: error: [assignment] [assignment] Expected error: assignment
SignatureTypeFactoryTest.java:170: error: [assignment] [assignment] Expected error: assignment
SignatureTypeFactoryTest.java:172: error: [assignment] [assignment] Expected error: assignment
SignatureTypeFactoryTest.java:176: error: [assignment] [assignment] Expected error: assignment
SignatureTypeFactoryTest.java:178: error: [assignment] [assignment] Expected error: assignment
SignatureTypeFactoryTest.java:181: error: [assignment] [assignment] Expected error: assignment
SignatureTypeFactoryTest.java:183: error: [assignment] [assignment] Expected error: assignment
SignatureTypeFactoryTest.java:185: error: [assignment] [assignment] Expected error: assignment
SignatureTypeFactoryTest.java:187: error: [assignment] [assignment] Expected error: assignment
SignatureTypeFactoryTest.java:189: error: [assignment] [assignment] Expected error: assignment
SignatureTypeFactoryTest.java:193: error: [assignment] [assignment] Expected error: assignment
SignatureTypeFactoryTest.java:195: error: [assignment] [assignment] Expected error: assignment
SignatureTypeFactoryTest.java:197: error: [assignment] [assignment] Expected error: assignment
SignatureTypeFactoryTest.java:200: error: [assignment] [assignment] Expected error: assignment
SignatureTypeFactoryTest.java:202: error: [assignment] [assignment] Expected error: assignment
SignatureTypeFactoryTest.java:204: error: [assignment] [assignment] Expected error: assignment
SignatureTypeFactoryTest.java:206: error: [assignment] [assignment] Expected error: assignment
SignatureTypeFactoryTest.java:210: error: [assignment] [assignment] Expected error: assignment
SignatureTypeFactoryTest.java:212: error: [assignment] [assignment] Expected error: assignment
SignatureTypeFactoryTest.java:214: error: [assignment] [assignment] Expected error: assignment
SignatureTypeFactoryTest.java:216: error: [assignment] [assignment] Expected error: assignment
SignatureTypeFactoryTest.java:218: error: [assignment] [assignment] Expected error: assignment
SignatureTypeFactoryTest.java:220: error: [assignment] [assignment] Expected error: assignment
SignatureTypeFactoryTest.java:222: error: [assignment] [assignment] Expected error: assignment
SignatureTypeFactoryTest.java:224: error: [assignment] [assignment] Expected error: assignment
SignatureTypeFactoryTest.java:230: error: [assignment] [assignment] Expected error: assignment
SignatureTypeFactoryTest.java:232: error: [assignment] [assignment] Expected error: assignment
SignatureTypeFactoryTest.java:234: error: [assignment] [assignment] Expected error: assignment
SignatureTypeFactoryTest.java:238: error: [assignment] [assignment] Expected error: assignment
SignatureTypeFactoryTest.java:244: error: [assignment] [assignment] Expected error: assignment
SignatureTypeFactoryTest.java:264: error: [assignment] [assignment] Expected error: assignment
SignatureTypeFactoryTest.java:266: error: [assignment] [assignment] Expected error: assignment
SignatureTypeFactoryTest.java:268: error: [assignment] [assignment] Expected error: assignment
SignatureTypeFactoryTest.java:270: error: [assignment] [assignment] Expected error: assignment
SignatureTypeFactoryTest.java:272: error: [assignment] [assignment] Expected error: assignment
SignatureTypeFactoryTest.java:275: error: [assignment] [assignment] Expected error: assignment
SignatureTypeFactoryTest.java:280: error: [assignment] [assignment] Expected error: assignment
SignatureTypeFactoryTest.java:282: error: [assignment] [assignment] Expected error: assignment
SignatureTypeFactoryTest.java:284: error: [assignment] [assignment] Expected error: assignment
SignatureTypeFactoryTest.java:286: error: [assignment] [assignment] Expected error: assignment
SignatureTypeFactoryTest.java:288: error: [assignment] [assignment] Expected error: assignment
SignatureTypeFactoryTest.java:291: error: [assignment] [assignment] Expected error: assignment
SignatureTypeFactoryTest.java:295: error: [assignment] [assignment] Expected error: assignment
SignatureTypeFactoryTest.java:297: error: [assignment] [assignment] Expected error: assignment
SignatureTypeFactoryTest.java:300: error: [assignment] [assignment] Expected error: assignment
SignatureTypeFactoryTest.java:302: error: [assignment] [assignment] Expected error: assignment
SignatureTypeFactoryTest.java:304: error: [assignment] [assignment] Expected error: assignment
SignatureTypeFactoryTest.java:306: error: [assignment] [assignment] Expected error: assignment
SignatureTypeFactoryTest.java:308: error: [assignment] [assignment] Expected error: assignment
SignatureTypeFactoryTest.java:312: error: [assignment] [assignment] Expected error: assignment
SignatureTypeFactoryTest.java:314: error: [assignment] [assignment] Expected error: assignment
SignatureTypeFactoryTest.java:316: error: [assignment] [assignment] Expected error: assignment
SignatureTypeFactoryTest.java:318: error: [assignment] [assignment] Expected error: assignment
SignatureTypeFactoryTest.java:321: error: [assignment] [assignment] Expected error: assignment
SignatureTypeFactoryTest.java:323: error: [assignment] [assignment] Expected error: assignment
SignatureTypeFactoryTest.java:325: error: [assignment] [assignment] Expected error: assignment
SignatureTypeFactoryTest.java:329: error: [assignment] [assignment] Expected error: assignment
SignatureTypeFactoryTest.java:331: error: [assignment] [assignment] Expected error: assignment
SignatureTypeFactoryTest.java:333: error: [assignment] [assignment] Expected error: assignment
SignatureTypeFactoryTest.java:335: error: [assignment] [assignment] Expected error: assignment
SignatureTypeFactoryTest.java:338: error: [assignment] [assignment] Expected error: assignment
SignatureTypeFactoryTest.java:340: error: [assignment] [assignment] Expected error: assignment
SignatureTypeFactoryTest.java:342: error: [assignment] [assignment] Expected error: assignment
SignatureTypeFactoryTest.java:346: error: [assignment] [assignment] Expected error: assignment
SignatureTypeFactoryTest.java:348: error: [assignment] [assignment] Expected error: assignment
SignatureTypeFactoryTest.java:350: error: [assignment] [assignment] Expected error: assignment
SignatureTypeFactoryTest.java:352: error: [assignment] [assignment] Expected error: assignment
SignatureTypeFactoryTest.java:355: error: [assignment] [assignment] Expected error: assignment
SignatureTypeFactoryTest.java:357: error: [assignment] [assignment] Expected error: assignment
SignatureTypeFactoryTest.java:359: error: [assignment] [assignment] Expected error: assignment
SignatureTypeFactoryTest.java:363: error: [assignment] [assignment] Expected error: assignment
SignatureTypeFactoryTest.java:365: error: [assignment] [assignment] Expected error: assignment
SignatureTypeFactoryTest.java:367: error: [assignment] [assignment] Expected error: assignment
SignatureTypeFactoryTest.java:369: error: [assignment] [assignment] Expected error: assignment
SignatureTypeFactoryTest.java:371: error: [assignment] [assignment] Expected error: assignment
SignatureTypeFactoryTest.java:373: error: [assignment] [assignment] Expected error: assignment
SignatureTypeFactoryTest.java:375: error: [assignment] [assignment] Expected error: assignment
SignatureTypeFactoryTest.java:377: error: [assignment] [assignment] Expected error: assignment
SignatureTypeFactoryTest.java:381: error: [assignment] [assignment] Expected error: assignment
SignatureTypeFactoryTest.java:383: error: [assignment] [assignment] Expected error: assignment
SignatureTypeFactoryTest.java:385: error: [assignment] [assignment] Expected error: assignment
SignatureTypeFactoryTest.java:387: error: [assignment] [assignment] Expected error: assignment
SignatureTypeFactoryTest.java:389: error: [assignment] [assignment] Expected error: assignment
SignatureTypeFactoryTest.java:391: error: [assignment] [assignment] Expected error: assignment
SignatureTypeFactoryTest.java:393: error: [assignment] [assignment] Expected error: assignment
SignatureTypeFactoryTest.java:395: error: [assignment] [assignment] Expected error: assignment
SignatureTypeFactoryTest.java:401: error: [assignment] [assignment] Expected error: assignment
SignatureTypeFactoryTest.java:403: error: [assignment] [assignment] Expected error: assignment
SignatureTypeFactoryTest.java:406: error: [assignment] [assignment] Expected error: assignment
SignatureTypeFactoryTest.java:409: error: [assignment] [assignment] Expected error: assignment
SignatureTypeFactoryTest.java:413: error: [assignment] [assignment] Expected error: assignment
SignatureTypeFactoryTest.java:415: error: [assignment] [assignment] Expected error: assignment
SignatureTypeFactoryTest.java:417: error: [assignment] [assignment] Expected error: assignment
SignatureTypeFactoryTest.java:419: error: [assignment] [assignment] Expected error: assignment
SignatureTypeFactoryTest.java:421: error: [assignment] [assignment] Expected error: assignment
SignatureTypeFactoryTest.java:423: error: [assignment] [assignment] Expected error: assignment
SignatureTypeFactoryTest.java:425: error: [assignment] [assignment] Expected error: assignment
SignatureTypeFactoryTest.java:427: error: [assignment] [assignment] Expected error: assignment
SignatureTypeFactoryTest.java:431: error: [assignment] [assignment] Expected error: assignment
SignatureTypeFactoryTest.java:433: error: [assignment] [assignment] Expected error: assignment
SignatureTypeFactoryTest.java:435: error: [assignment] [assignment] Expected error: assignment
SignatureTypeFactoryTest.java:437: error: [assignment] [assignment] Expected error: assignment
SignatureTypeFactoryTest.java:439: error: [assignment] [assignment] Expected error: assignment
SignatureTypeFactoryTest.java:441: error: [assignment] [assignment] Expected error: assignment
SignatureTypeFactoryTest.java:443: error: [assignment] [assignment] Expected error: assignment
SignatureTypeFactoryTest.java:445: error: [assignment] [assignment] Expected error: assignment
SignatureTypeFactoryTest.java:453: error: [assignment] [assignment] Expected error: assignment
SignatureTypeFactoryTest.java:455: error: [assignment] [assignment] Expected error: assignment
SignatureTypeFactoryTest.java:458: error: [assignment] [assignment] Expected error: assignment
SignatureTypeFactoryTest.java:461: error: [assignment] [assignment] Expected error: assignment
SignatureTypeFactoryTest.java:466: error: [assignment] [assignment] Expected error: assignment
SignatureTypeFactoryTest.java:468: error: [assignment] [assignment] Expected error: assignment
SignatureTypeFactoryTest.java:470: error: [assignment] [assignment] Expected error: assignment
SignatureTypeFactoryTest.java:473: error: [assignment] [assignment] Expected error: assignment
SignatureTypeFactoryTest.java:487: error: [assignment] [assignment] Expected error: assignment
SignatureTypeFactoryTest.java:491: error: [assignment] [assignment] Expected error: assignment
SignatureTypeFactoryTest.java:493: error: [assignment] [assignment] Expected error: assignment
SignatureTypeFactoryTest.java:495: error: [assignment] [assignment] Expected error: assignment
SignatureTypeFactoryTest.java:497: error: [assignment] [assignment] Expected error: assignment
SignatureTypeFactoryTest.java:499: error: [assignment] [assignment] Expected error: assignment
SignatureTypeFactoryTest.java:505: error: [assignment] [assignment] Expected error: assignment
SignatureTypeFactoryTest.java:514: error: [assignment] [assignment] Expected error: assignment
SignatureTypeFactoryTest.java:516: error: [assignment] [assignment] Expected error: assignment
SignatureTypeFactoryTest.java:519: error: [assignment] [assignment] Expected error: assignment
SignatureTypeFactoryTest.java:521: error: [assignment] [assignment] Expected error: assignment
SignatureTypeFactoryTest.java:523: error: [assignment] [assignment] Expected error: assignment
SignatureTypeFactoryTest.java:525: error: [assignment] [assignment] Expected error: assignment
SignatureTypeFactoryTest.java:527: error: [assignment] [assignment] Expected error: assignment
SignatureTypeFactoryTest.java:532: error: [assignment] [assignment] Expected error: assignment
SignatureTypeFactoryTest.java:534: error: [assignment] [assignment] Expected error: assignment
SignatureTypeFactoryTest.java:536: error: [assignment] [assignment] Expected error: assignment
SignatureTypeFactoryTest.java:539: error: [assignment] [assignment] Expected error: assignment
SignatureTypeFactoryTest.java:542: error: [assignment] [assignment] Expected error: assignment
SignatureTypeFactoryTest.java:546: error: [assignment] [assignment] Expected error: assignment
SignatureTypeFactoryTest.java:550: error: [assignment] [assignment] Expected error: assignment
SignatureTypeFactoryTest.java:552: error: [assignment] [assignment] Expected error: assignment
SignatureTypeFactoryTest.java:554: error: [assignment] [assignment] Expected error: assignment
SignatureTypeFactoryTest.java:556: error: [assignment] [assignment] Expected error: assignment
SignatureTypeFactoryTest.java:558: error: [assignment] [assignment] Expected error: assignment
SignatureTypeFactoryTest.java:562: error: [assignment] [assignment] Expected error: assignment
SignatureTypeFactoryTest.java:564: error: [assignment] [assignment] Expected error: assignment
SignatureTypeFactoryTest.java:566: error: [assignment] [assignment] Expected error: assignment
SignatureTypeFactoryTest.java:568: error: [assignment] [assignment] Expected error: assignment
SignatureTypeFactoryTest.java:571: error: [assignment] [assignment] Expected error: assignment
SignatureTypeFactoryTest.java:573: error: [assignment] [assignment] Expected error: assignment
SignatureTypeFactoryTest.java:575: error: [assignment] [assignment] Expected error: assignment
SignatureTypeFactoryTest.java:579: error: [assignment] [assignment] Expected error: assignment
SignatureTypeFactoryTest.java:581: error: [assignment] [assignment] Expected error: assignment
SignatureTypeFactoryTest.java:583: error: [assignment] [assignment] Expected error: assignment
SignatureTypeFactoryTest.java:585: error: [assignment] [assignment] Expected error: assignment
SignatureTypeFactoryTest.java:588: error: [assignment] [assignment] Expected error: assignment
SignatureTypeFactoryTest.java:590: error: [assignment] [assignment] Expected error: assignment
SignatureTypeFactoryTest.java:592: error: [assignment] [assignment] Expected error: assignment
SignatureTypeFactoryTest.java:598: error: [assignment] [assignment] Expected error: assignment
SignatureTypeFactoryTest.java:600: error: [assignment] [assignment] Expected error: assignment
SignatureTypeFactoryTest.java:602: error: [assignment] [assignment] Expected error: assignment
SignatureTypeFactoryTest.java:606: error: [assignment] [assignment] Expected error: assignment
SignatureTypeFactoryTest.java:611: error: [assignment] [assignment] Expected error: assignment
SignatureTypeFactoryTest.java:613: error: [assignment] [assignment] Expected error: assignment
SignatureTypeFactoryTest.java:615: error: [assignment] [assignment] Expected error: assignment
SignatureTypeFactoryTest.java:617: error: [assignment] [assignment] Expected error: assignment
SignatureTypeFactoryTest.java:619: error: [assignment] [assignment] Expected error: assignment
SignatureTypeFactoryTest.java:623: error: [assignment] [assignment] Expected error: assignment
SignatureTypeFactoryTest.java:625: error: [assignment] [assignment] Expected error: assignment
SignatureTypeFactoryTest.java:627: error: [assignment] [assignment] Expected error: assignment
SignatureTypeFactoryTest.java:630: error: [assignment] [assignment] Expected error: assignment
SignatureTypeFactoryTest.java:632: error: [assignment] [assignment] Expected error: assignment
SignatureTypeFactoryTest.java:634: error: [assignment] [assignment] Expected error: assignment
SignatureTypeFactoryTest.java:636: error: [assignment] [assignment] Expected error: assignment
SignatureTypeFactoryTest.java:640: error: [assignment] [assignment] Expected error: assignment
SignatureTypeFactoryTest.java:642: error: [assignment] [assignment] Expected error: assignment
SignatureTypeFactoryTest.java:644: error: [assignment] [assignment] Expected error: assignment
SignatureTypeFactoryTest.java:646: error: [assignment] [assignment] Expected error: assignment
SignatureTypeFactoryTest.java:648: error: [assignment] [assignment] Expected error: assignment
SignatureTypeFactoryTest.java:650: error: [assignment] [assignment] Expected error: assignment
SignatureTypeFactoryTest.java:652: error: [assignment] [assignment] Expected error: assignment
SignatureTypeFactoryTest.java:654: error: [assignment] [assignment] Expected error: assignment
SignatureTypeFactoryTest.java:658: error: [assignment] [assignment] Expected error: assignment
SignatureTypeFactoryTest.java:660: error: [assignment] [assignment] Expected error: assignment
SignatureTypeFactoryTest.java:663: error: [assignment] [assignment] Expected error: assignment
SignatureTypeFactoryTest.java:665: error: [assignment] [assignment] Expected error: assignment
SignatureTypeFactoryTest.java:667: error: [assignment] [assignment] Expected error: assignment
SignatureTypeFactoryTest.java:669: error: [assignment] [assignment] Expected error: assignment
SignatureTypeFactoryTest.java:671: error: [assignment] [assignment] Expected error: assignment
SignatureTypeFactoryTest.java:675: error: [assignment] [assignment] Expected error: assignment
SignatureTypeFactoryTest.java:678: error: [assignment] [assignment] Expected error: assignment
SignatureTypeFactoryTest.java:680: error: [assignment] [assignment] Expected error: assignment
SignatureTypeFactoryTest.java:682: error: [assignment] [assignment] Expected error: assignment
SignatureTypeFactoryTest.java:684: error: [assignment] [assignment] Expected error: assignment
SignatureTypeFactoryTest.java:686: error: [assignment] [assignment] Expected error: assignment
SignatureTypeFactoryTest.java:688: error: [assignment] [assignment] Expected error: assignment
SignatureTypeFactoryTest.java:692: error: [assignment] [assignment] Expected error: assignment
SignatureTypeFactoryTest.java:694: error: [assignment] [assignment] Expected error: assignment
SignatureTypeFactoryTest.java:697: error: [assignment] [assignment] Expected error: assignment
SignatureTypeFactoryTest.java:699: error: [assignment] [assignment] Expected error: assignment
SignatureTypeFactoryTest.java:701: error: [assignment] [assignment] Expected error: assignment
SignatureTypeFactoryTest.java:703: error: [assignment] [assignment] Expected error: assignment
SignatureTypeFactoryTest.java:705: error: [assignment] [assignment] Expected error: assignment
SignatureTypeFactoryTest.java:709: error: [assignment] [assignment] Expected error: assignment
SignatureTypeFactoryTest.java:711: error: [assignment] [assignment] Expected error: assignment
SignatureTypeFactoryTest.java:713: error: [assignment] [assignment] Expected error: assignment
SignatureTypeFactoryTest.java:716: error: [assignment] [assignment] Expected error: assignment
SignatureTypeFactoryTest.java:718: error: [assignment] [assignment] Expected error: assignment
SignatureTypeFactoryTest.java:720: error: [assignment] [assignment] Expected error: assignment
SignatureTypeFactoryTest.java:722: error: [assignment] [assignment] Expected error: assignment
SignatureTypeFactoryTest.java:726: error: [assignment] [assignment] Expected error: assignment
SignatureTypeFactoryTest.java:728: error: [assignment] [assignment] Expected error: assignment
SignatureTypeFactoryTest.java:730: error: [assignment] [assignment] Expected error: assignment
SignatureTypeFactoryTest.java:732: error: [assignment] [assignment] Expected error: assignment
SignatureTypeFactoryTest.java:734: error: [assignment] [assignment] Expected error: assignment
SignatureTypeFactoryTest.java:736: error: [assignment] [assignment] Expected error: assignment
SignatureTypeFactoryTest.java:738: error: [assignment] [assignment] Expected error: assignment
SignatureTypeFactoryTest.java:740: error: [assignment] [assignment] Expected error: assignment
SignatureTypeFactoryTest.java:744: error: [assignment] [assignment] Expected error: assignment
SignatureTypeFactoryTest.java:746: error: [assignment] [assignment] Expected error: assignment
SignatureTypeFactoryTest.java:748: error: [assignment] [assignment] Expected error: assignment
SignatureTypeFactoryTest.java:751: error: [assignment] [assignment] Expected error: assignment
SignatureTypeFactoryTest.java:753: error: [assignment] [assignment] Expected error: assignment
SignatureTypeFactoryTest.java:755: error: [assignment] [assignment] Expected error: assignment
SignatureTypeFactoryTest.java:757: error: [assignment] [assignment] Expected error: assignment
SignatureTypeFactoryTest.java:761: error: [assignment] [assignment] Expected error: assignment
SignatureTypeFactoryTest.java:763: error: [assignment] [assignment] Expected error: assignment
SignatureTypeFactoryTest.java:766: error: [assignment] [assignment] Expected error: assignment
SignatureTypeFactoryTest.java:768: error: [assignment] [assignment] Expected error: assignment
SignatureTypeFactoryTest.java:770: error: [assignment] [assignment] Expected error: assignment
SignatureTypeFactoryTest.java:772: error: [assignment] [assignment] Expected error: assignment
SignatureTypeFactoryTest.java:774: error: [assignment] [assignment] Expected error: assignment
SignatureTypeFactoryTest.java:780: error: [assignment] [assignment] Expected error: assignment
SignatureTypeFactoryTest.java:782: error: [assignment] [assignment] Expected error: assignment
SignatureTypeFactoryTest.java:784: error: [assignment] [assignment] Expected error: assignment
SignatureTypeFactoryTest.java:788: error: [assignment] [assignment] Expected error: assignment
SignatureTypeFactoryTest.java:792: error: [assignment] [assignment] Expected error: assignment
SignatureTypeFactoryTest.java:794: error: [assignment] [assignment] Expected error: assignment
SignatureTypeFactoryTest.java:796: error: [assignment] [assignment] Expected error: assignment
SignatureTypeFactoryTest.java:798: error: [assignment] [assignment] Expected error: assignment
SignatureTypeFactoryTest.java:800: error: [assignment] [assignment] Expected error: assignment
SignatureTypeFactoryTest.java:802: error: [assignment] [assignment] Expected error: assignment
SignatureTypeFactoryTest.java:804: error: [assignment] [assignment] Expected error: assignment
SignatureTypeFactoryTest.java:806: error: [assignment] [assignment] Expected error: assignment
SignatureTypeFactoryTest.java:811: error: [assignment] [assignment] Expected error: assignment
SignatureTypeFactoryTest.java:813: error: [assignment] [assignment] Expected error: assignment
SignatureTypeFactoryTest.java:815: error: [assignment] [assignment] Expected error: assignment
SignatureTypeFactoryTest.java:817: error: [assignment] [assignment] Expected error: assignment
SignatureTypeFactoryTest.java:819: error: [assignment] [assignment] Expected error: assignment
SignatureTypeFactoryTest.java:823: error: [assignment] [assignment] Expected error: assignment
SignatureTypeFactoryTest.java:826: error: [assignment] [assignment] Expected error: assignment
SignatureTypeFactoryTest.java:828: error: [assignment] [assignment] Expected error: assignment
SignatureTypeFactoryTest.java:830: error: [assignment] [assignment] Expected error: assignment
SignatureTypeFactoryTest.java:832: error: [assignment] [assignment] Expected error: assignment
SignatureTypeFactoryTest.java:834: error: [assignment] [assignment] Expected error: assignment
SignatureTypeFactoryTest.java:836: error: [assignment] [assignment] Expected error: assignment
SignatureTypeFactoryTest.java:842: error: [assignment] [assignment] Expected error: assignment
SignatureTypeFactoryTest.java:844: error: [assignment] [assignment] Expected error: assignment
SignatureTypeFactoryTest.java:846: error: [assignment] [assignment] Expected error: assignment
SignatureTypeFactoryTest.java:850: error: [assignment] [assignment] Expected error: assignment
SignatureTypeFactoryTest.java:856: error: [assignment] [assignment] Expected error: assignment
SignatureTypeFactoryTest.java:858: error: [assignment] [assignment] Expected error: assignment
SignatureTypeFactoryTest.java:860: error: [assignment] [assignment] Expected error: assignment
SignatureTypeFactoryTest.java:864: error: [assignment] [assignment] Expected error: assignment
SignatureTypeFactoryTest.java:869: error: [assignment] [assignment] Expected error: assignment
SignatureTypeFactoryTest.java:871: error: [assignment] [assignment] Expected error: assignment
SignatureTypeFactoryTest.java:873: error: [assignment] [assignment] Expected error: assignment
SignatureTypeFactoryTest.java:875: error: [assignment] [assignment] Expected error: assignment
SignatureTypeFactoryTest.java:877: error: [assignment] [assignment] Expected error: assignment
SignatureTypeFactoryTest.java:883: error: [assignment] [assignment] Expected error: assignment
SignatureTypeFactoryTest.java:885: error: [assignment] [assignment] Expected error: assignment
SignatureTypeFactoryTest.java:887: error: [assignment] [assignment] Expected error: assignment
SignatureTypeFactoryTest.java:891: error: [assignment] [assignment] Expected error: assignment
SignatureTypeFactoryTest.java:896: error: [assignment] [assignment] Expected error: assignment
SignatureTypeFactoryTest.java:898: error: [assignment] [assignment] Expected error: assignment
SignatureTypeFactoryTest.java:900: error: [assignment] [assignment] Expected error: assignment
SignatureTypeFactoryTest.java:902: error: [assignment] [assignment] Expected error: assignment
SignatureTypeFactoryTest.java:904: error: [assignment] [assignment] Expected error: assignment
SignatureTypeFactoryTest.java:908: error: [assignment] [assignment] Expected error: assignment
SignatureTypeFactoryTest.java:910: error: [assignment] [assignment] Expected error: assignment
SignatureTypeFactoryTest.java:912: error: [assignment] [assignment] Expected error: assignment
SignatureTypeFactoryTest.java:914: error: [assignment] [assignment] Expected error: assignment
SignatureTypeFactoryTest.java:916: error: [assignment] [assignment] Expected error: assignment
SignatureTypeFactoryTest.java:918: error: [assignment] [assignment] Expected error: assignment
SignatureTypeFactoryTest.java:920: error: [assignment] [assignment] Expected error: assignment
SignatureTypeFactoryTest.java:922: error: [assignment] [assignment] Expected error: assignment
SignatureTypeFactoryTest.java:926: error: [assignment] [assignment] Expected error: assignment
SignatureTypeFactoryTest.java:929: error: [assignment] [assignment] Expected error: assignment
SignatureTypeFactoryTest.java:931: error: [assignment] [assignment] Expected error: assignment
SignatureTypeFactoryTest.java:933: error: [assignment] [assignment] Expected error: assignment
SignatureTypeFactoryTest.java:935: error: [assignment] [assignment] Expected error: assignment
SignatureTypeFactoryTest.java:937: error: [assignment] [assignment] Expected error: assignment
SignatureTypeFactoryTest.java:939: error: [assignment] [assignment] Expected error: assignment
SignatureTypeFactoryTest.java:943: error: [assignment] [assignment] Expected error: assignment
SignatureTypeFactoryTest.java:945: error: [assignment] [assignment] Expected error: assignment
SignatureTypeFactoryTest.java:948: error: [assignment] [assignment] Expected error: assignment
SignatureTypeFactoryTest.java:950: error: [assignment] [assignment] Expected error: assignment
SignatureTypeFactoryTest.java:952: error: [assignment] [assignment] Expected error: assignment
SignatureTypeFactoryTest.java:954: error: [assignment] [assignment] Expected error: assignment
SignatureTypeFactoryTest.java:956: error: [assignment] [assignment] Expected error: assignment
SignatureTypeFactoryTest.java:960: error: [assignment] [assignment] Expected error: assignment
SignatureTypeFactoryTest.java:962: error: [assignment] [assignment] Expected error: assignment
SignatureTypeFactoryTest.java:965: error: [assignment] [assignment] Expected error: assignment
SignatureTypeFactoryTest.java:967: error: [assignment] [assignment] Expected error: assignment
SignatureTypeFactoryTest.java:969: error: [assignment] [assignment] Expected error: assignment
SignatureTypeFactoryTest.java:971: error: [assignment] [assignment] Expected error: assignment
SignatureTypeFactoryTest.java:973: error: [assignment] [assignment] Expected error: assignment
Conversion.java:15: error: [return] [return] Expected error: return
Conversion.java:20: error: [return] [return] Expected error: return
Conversion.java:25: error: [return] [return] Expected error: return
Conversion.java:30: error: [return] [return] Expected error: return
Conversion.java:35: error: [return] [return] Expected error: return
Conversion.java:40: error: [return] [return] Expected error: return
Conversion.java:45: error: [return] [return] Expected error: return
Conversion.java:50: error: [return] [return] Expected error: return
Conversion.java:65: error: [return] [return] Expected error: return
Conversion.java:70: error: [return] [return] Expected error: return
Conversion.java:75: error: [return] [return] Expected error: return
Conversion.java:80: error: [return] [return] Expected error: return
Conversion.java:85: error: [return] [return] Expected error: return
Conversion.java:90: error: [return] [return] Expected error: return
Conversion.java:95: error: [return] [return] Expected error: return
Conversion.java:100: error: [return] [return] Expected error: return
PolySignatureTest2.java:15: error: [return] [return] Expected error: return
SignatureConcatenation.java:6: error: [return] [return] Expected error: return
ClassGetNameBinaryName.java:21: error: [assignment] [assignment] Expected error: assignment
ClassGetNameBinaryName.java:24: error: [assignment] [assignment] Expected error: assignment
ClassGetNameBinaryName.java:27: error: [assignment] [assignment] Expected error: assignment
ClassGetNameBinaryName.java:34: error: [assignment] [assignment] Expected error: assignment
ClassGetNameBinaryName.java:39: error: [assignment] [assignment] Expected error: assignment
ClassGetNameBinaryName.java:42: error: [assignment] [assignment] Expected error: assignment
ClassGetNameBinaryName.java:45: error: [assignment] [assignment] Expected error: assignment
ClassGetNameBinaryName.java:50: error: [assignment] [assignment] Expected error: assignment
ClassGetNameBinaryName.java:53: error: [assignment] [assignment] Expected error: assignment
ClassGetNameBinaryName.java:56: error: [assignment] [assignment] Expected error: assignment
ClassGetNameBinaryName.java:59: error: [assignment] [assignment] Expected error: assignment
ClassGetNameBinaryName.java:62: error: [assignment] [assignment] Expected error: assignment
ClassGetNameBinaryName.java:76: error: [assignment] [assignment] Expected error: assignment
ClassGetNameBinaryName.java:79: error: [assignment] [assignment] Expected error: assignment
ClassGetNameBinaryName.java:82: error: [assignment] [assignment] Expected error: assignment
ClassGetNameBinaryName.java:89: error: [assignment] [assignment] Expected error: assignment
ClassGetNameBinaryName.java:94: error: [assignment] [assignment] Expected error: assignment
ClassGetNameBinaryName.java:97: error: [assignment] [assignment] Expected error: assignment
ClassGetNameBinaryName.java:100: error: [assignment] [assignment] Expected error: assignment
ClassGetNameBinaryName.java:105: error: [assignment] [assignment] Expected error: assignment
ClassGetNameBinaryName.java:108: error: [assignment] [assignment] Expected error: assignment
ClassGetNameBinaryName.java:111: error: [assignment] [assignment] Expected error: assignment
ClassGetNameBinaryName.java:114: error: [assignment] [assignment] Expected error: assignment
ClassGetNameBinaryName.java:117: error: [assignment] [assignment] Expected error: assignment
CanonicalNameNonEmptyTest.java:25: error: [return] [return] Expected error: return
