/home/ubuntu/GenDATA/case_studies/training_signature/SignatureBeforeAnnotation.java:28: warning: [argument] incompatible argument for parameter className of SignatureBeforeAnnotation.loadClass.
        loadClass(className1);       // WARNING: incompatible argument
                  ^
  found   : @SignatureUnknown String
  required: @BinaryName String
/home/ubuntu/GenDATA/case_studies/training_signature/SignatureBeforeAnnotation.java:29: warning: [argument] incompatible argument for parameter typeName of SignatureBeforeAnnotation.registerType.
        registerType(getTypeName()); // WARNING: incompatible argument
                                ^
  found   : @SignatureUnknown String
  required: @FullyQualifiedName String
/home/ubuntu/GenDATA/case_studies/training_signature/SignatureTrainingExample.java:38: warning: [argument] incompatible argument for parameter className of SignatureTrainingExample.loadClass.
        loadClass(className1);  // WARNING: [argument] incompatible
                  ^
  found   : @SignatureUnknown String
  required: @BinaryName String
/home/ubuntu/GenDATA/case_studies/training_signature/SignatureTrainingExample.java:55: warning: [argument] incompatible argument for parameter typeName of SignatureTrainingExample.registerType.
        registerType(getTypeName());  // WARNING: [argument] incompatible
                                ^
  found   : @SignatureUnknown String
  required: @FullyQualifiedName String
/home/ubuntu/GenDATA/case_studies/training_signature/SignatureTrainingExample.java:71: warning: [argument] incompatible argument for parameter className of SignatureTrainingExample.loadClass.
        loadClass(fullName);  // WARNING: [argument] incompatible
                  ^
  found   : @SignatureUnknown String
  required: @BinaryName String
5 warnings
