# Checker Framework sql_quotes Test Suite Warnings
# Merged from multiple extraction methods
# Total Unique Warnings: 34

SqlQuotesRegex.java:7: error: [assignment] [assignment] Expected error: assignment
SqlQuotesRegex.java:10: error: [assignment] [assignment] Expected error: assignment
SqlQuotesRegex.java:13: error: [assignment] [assignment] Expected error: assignment
SqlQuotesRegex.java:20: error: [assignment] [assignment] Expected error: assignment
SqlQuotesRegex.java:23: error: [assignment] [assignment] Expected error: assignment
SqlQuotesRegex.java:26: error: [assignment] [assignment] Expected error: assignment
SqlQuotesConcat.java:9: error: [assignment] [assignment] Expected error: assignment
SqlQuotesConcat.java:12: error: [compound.assignment] [compound.assignment] Expected error: compound.assignment
SqlQuotesConcat.java:14: error: [compound.assignment] [compound.assignment] Expected error: compound.assignment
SqlQuotesConcat.java:19: error: [assignment] [assignment] Expected error: assignment
SqlQuotesConcat.java:22: error: [compound.assignment] [compound.assignment] Expected error: compound.assignment
SqlQuotesConcat.java:24: error: [compound.assignment] [compound.assignment] Expected error: compound.assignment
SqlQuotesConcat.java:31: error: [assignment] [assignment] Expected error: assignment
SqlQuotesConcat.java:35: error: [compound.assignment] [compound.assignment] Expected error: compound.assignment
SqlQuotesConcat.java:40: error: [assignment] [assignment] Expected error: assignment
SqlQuotesConcat.java:44: error: [compound.assignment] [compound.assignment] Expected error: compound.assignment
SqlQuotesConcat.java:51: error: [assignment] [assignment] Expected error: assignment
SqlQuotesConcat.java:55: error: [compound.assignment] [compound.assignment] Expected error: compound.assignment
SqlQuotesConcat.java:60: error: [assignment] [assignment] Expected error: assignment
SqlQuotesConcat.java:64: error: [compound.assignment] [compound.assignment] Expected error: compound.assignment
SqlQuotesConcat.java:71: error: [assignment] [assignment] Expected error: assignment
SqlQuotesConcat.java:79: error: [assignment] [assignment] Expected error: assignment
SqlQuotesConcat.java:88: error: [assignment] [assignment] Expected error: assignment
SqlQuotesConcat.java:90: error: [assignment] [assignment] Expected error: assignment
SqlQuotesConcat.java:93: error: [assignment] [assignment] Expected error: assignment
SqlQuotesConcat.java:95: error: [assignment] [assignment] Expected error: assignment
SqlQuotesConcat.java:98: error: [compound.assignment] [compound.assignment] Expected error: compound.assignment
SqlQuotesConcat.java:103: error: [assignment] [assignment] Expected error: assignment
SqlQuotesConcat.java:105: error: [assignment] [assignment] Expected error: assignment
SqlQuotesConcat.java:108: error: [assignment] [assignment] Expected error: assignment
SqlQuotesConcat.java:110: error: [assignment] [assignment] Expected error: assignment
SqlQuotesConcat.java:113: error: [compound.assignment] [compound.assignment] Expected error: compound.assignment
SqlQuotesConcat.java:117: error: [assignment] [assignment] Expected error: assignment
SqlQuotesConcat.java:119: error: [assignment] [assignment] Expected error: assignment
