/home/ubuntu/GenDATA/case_studies/commons-dbutils/src/test/java/org/apache/commons/dbutils/BaseResultSetHandlerHandleTest.java:20: error: package org.junit.jupiter.api does not exist
import static org.junit.jupiter.api.Assertions.assertFalse;
                                   ^
/home/ubuntu/GenDATA/case_studies/commons-dbutils/src/test/java/org/apache/commons/dbutils/BaseResultSetHandlerHandleTest.java:20: error: static import only from classes and interfaces
import static org.junit.jupiter.api.Assertions.assertFalse;
^
/home/ubuntu/GenDATA/case_studies/commons-dbutils/src/test/java/org/apache/commons/dbutils/BaseResultSetHandlerHandleTest.java:21: error: package org.junit.jupiter.api does not exist
import static org.junit.jupiter.api.Assertions.assertNotNull;
                                   ^
/home/ubuntu/GenDATA/case_studies/commons-dbutils/src/test/java/org/apache/commons/dbutils/BaseResultSetHandlerHandleTest.java:21: error: static import only from classes and interfaces
import static org.junit.jupiter.api.Assertions.assertNotNull;
^
/home/ubuntu/GenDATA/case_studies/commons-dbutils/src/test/java/org/apache/commons/dbutils/BaseResultSetHandlerHandleTest.java:22: error: package org.junit.jupiter.api does not exist
import static org.junit.jupiter.api.Assertions.assertTrue;
                                   ^
/home/ubuntu/GenDATA/case_studies/commons-dbutils/src/test/java/org/apache/commons/dbutils/BaseResultSetHandlerHandleTest.java:22: error: static import only from classes and interfaces
import static org.junit.jupiter.api.Assertions.assertTrue;
^
/home/ubuntu/GenDATA/case_studies/commons-dbutils/src/test/java/org/apache/commons/dbutils/BaseResultSetHandlerHandleTest.java:30: error: package org.junit.jupiter.api does not exist
import org.junit.jupiter.api.Test;
                            ^
/home/ubuntu/GenDATA/case_studies/commons-dbutils/src/test/java/org/apache/commons/dbutils/BaseTestCase.java:19: error: package org.junit.jupiter.api does not exist
import static org.junit.jupiter.api.Assertions.assertEquals;
                                   ^
/home/ubuntu/GenDATA/case_studies/commons-dbutils/src/test/java/org/apache/commons/dbutils/BaseTestCase.java:19: error: static import only from classes and interfaces
import static org.junit.jupiter.api.Assertions.assertEquals;
^
/home/ubuntu/GenDATA/case_studies/commons-dbutils/src/test/java/org/apache/commons/dbutils/BaseTestCase.java:20: error: package org.junit.jupiter.api does not exist
import static org.junit.jupiter.api.Assertions.assertFalse;
                                   ^
/home/ubuntu/GenDATA/case_studies/commons-dbutils/src/test/java/org/apache/commons/dbutils/BaseTestCase.java:20: error: static import only from classes and interfaces
import static org.junit.jupiter.api.Assertions.assertFalse;
^
/home/ubuntu/GenDATA/case_studies/commons-dbutils/src/test/java/org/apache/commons/dbutils/BaseTestCase.java:28: error: package org.junit.jupiter.api does not exist
import org.junit.jupiter.api.BeforeEach;
                            ^
/home/ubuntu/GenDATA/case_studies/commons-dbutils/src/test/java/org/apache/commons/dbutils/BaseTestCase.java:29: error: package org.junit.jupiter.api does not exist
import org.junit.jupiter.api.Test;
                            ^
/home/ubuntu/GenDATA/case_studies/commons-dbutils/src/test/java/org/apache/commons/dbutils/ServiceLoaderTest.java:19: error: package org.junit.jupiter.api does not exist
import static org.junit.jupiter.api.Assertions.assertTrue;
                                   ^
/home/ubuntu/GenDATA/case_studies/commons-dbutils/src/test/java/org/apache/commons/dbutils/ServiceLoaderTest.java:19: error: static import only from classes and interfaces
import static org.junit.jupiter.api.Assertions.assertTrue;
^
/home/ubuntu/GenDATA/case_studies/commons-dbutils/src/test/java/org/apache/commons/dbutils/ServiceLoaderTest.java:25: error: package org.junit.jupiter.api does not exist
import org.junit.jupiter.api.BeforeEach;
                            ^
/home/ubuntu/GenDATA/case_studies/commons-dbutils/src/test/java/org/apache/commons/dbutils/ServiceLoaderTest.java:26: error: package org.junit.jupiter.api does not exist
import org.junit.jupiter.api.Test;
                            ^
/home/ubuntu/GenDATA/case_studies/commons-dbutils/src/test/java/org/apache/commons/dbutils/OutParameterTest.java:20: error: package org.junit.jupiter.api does not exist
import static org.junit.jupiter.api.Assertions.assertEquals;
                                   ^
/home/ubuntu/GenDATA/case_studies/commons-dbutils/src/test/java/org/apache/commons/dbutils/OutParameterTest.java:20: error: static import only from classes and interfaces
import static org.junit.jupiter.api.Assertions.assertEquals;
^
/home/ubuntu/GenDATA/case_studies/commons-dbutils/src/test/java/org/apache/commons/dbutils/OutParameterTest.java:21: error: package org.mockito does not exist
import static org.mockito.ArgumentMatchers.any;
                         ^
/home/ubuntu/GenDATA/case_studies/commons-dbutils/src/test/java/org/apache/commons/dbutils/OutParameterTest.java:21: error: static import only from classes and interfaces
import static org.mockito.ArgumentMatchers.any;
^
/home/ubuntu/GenDATA/case_studies/commons-dbutils/src/test/java/org/apache/commons/dbutils/OutParameterTest.java:22: error: package org.mockito does not exist
import static org.mockito.ArgumentMatchers.eq;
                         ^
/home/ubuntu/GenDATA/case_studies/commons-dbutils/src/test/java/org/apache/commons/dbutils/OutParameterTest.java:22: error: static import only from classes and interfaces
import static org.mockito.ArgumentMatchers.eq;
^
/home/ubuntu/GenDATA/case_studies/commons-dbutils/src/test/java/org/apache/commons/dbutils/OutParameterTest.java:23: error: package org.mockito does not exist
import static org.mockito.Mockito.times;
                         ^
/home/ubuntu/GenDATA/case_studies/commons-dbutils/src/test/java/org/apache/commons/dbutils/OutParameterTest.java:23: error: static import only from classes and interfaces
import static org.mockito.Mockito.times;
^
/home/ubuntu/GenDATA/case_studies/commons-dbutils/src/test/java/org/apache/commons/dbutils/OutParameterTest.java:24: error: package org.mockito does not exist
import static org.mockito.Mockito.verify;
                         ^
/home/ubuntu/GenDATA/case_studies/commons-dbutils/src/test/java/org/apache/commons/dbutils/OutParameterTest.java:24: error: static import only from classes and interfaces
import static org.mockito.Mockito.verify;
^
/home/ubuntu/GenDATA/case_studies/commons-dbutils/src/test/java/org/apache/commons/dbutils/OutParameterTest.java:25: error: package org.mockito does not exist
import static org.mockito.Mockito.when;
                         ^
/home/ubuntu/GenDATA/case_studies/commons-dbutils/src/test/java/org/apache/commons/dbutils/OutParameterTest.java:25: error: static import only from classes and interfaces
import static org.mockito.Mockito.when;
^
/home/ubuntu/GenDATA/case_studies/commons-dbutils/src/test/java/org/apache/commons/dbutils/OutParameterTest.java:30: error: package org.junit.jupiter.api does not exist
import org.junit.jupiter.api.BeforeEach;
                            ^
/home/ubuntu/GenDATA/case_studies/commons-dbutils/src/test/java/org/apache/commons/dbutils/OutParameterTest.java:31: error: package org.junit.jupiter.api does not exist
import org.junit.jupiter.api.Test;
                            ^
/home/ubuntu/GenDATA/case_studies/commons-dbutils/src/test/java/org/apache/commons/dbutils/OutParameterTest.java:32: error: package org.junit.jupiter.api.extension does not exist
import org.junit.jupiter.api.extension.ExtendWith;
                                      ^
/home/ubuntu/GenDATA/case_studies/commons-dbutils/src/test/java/org/apache/commons/dbutils/OutParameterTest.java:33: error: package org.mockito does not exist
import org.mockito.Mock;
                  ^
/home/ubuntu/GenDATA/case_studies/commons-dbutils/src/test/java/org/apache/commons/dbutils/OutParameterTest.java:34: error: package org.mockito.junit.jupiter does not exist
import org.mockito.junit.jupiter.MockitoExtension;
                                ^
/home/ubuntu/GenDATA/case_studies/commons-dbutils/src/test/java/org/apache/commons/dbutils/OutParameterTest.java:36: error: cannot find symbol
@ExtendWith(MockitoExtension.class)
 ^
  symbol: class ExtendWith
/home/ubuntu/GenDATA/case_studies/commons-dbutils/src/test/java/org/apache/commons/dbutils/ProxyFactoryTest.java:19: error: package org.junit.jupiter.api does not exist
import static org.junit.jupiter.api.Assertions.assertNotNull;
                                   ^
/home/ubuntu/GenDATA/case_studies/commons-dbutils/src/test/java/org/apache/commons/dbutils/ProxyFactoryTest.java:19: error: static import only from classes and interfaces
import static org.junit.jupiter.api.Assertions.assertNotNull;
^
/home/ubuntu/GenDATA/case_studies/commons-dbutils/src/test/java/org/apache/commons/dbutils/ProxyFactoryTest.java:23: error: package org.junit.jupiter.api does not exist
import org.junit.jupiter.api.Test;
                            ^
/home/ubuntu/GenDATA/case_studies/commons-dbutils/src/test/java/org/apache/commons/dbutils/BasicRowProcessorTest.java:19: error: package org.junit.jupiter.api does not exist
import static org.junit.jupiter.api.Assertions.assertEquals;
                                   ^
/home/ubuntu/GenDATA/case_studies/commons-dbutils/src/test/java/org/apache/commons/dbutils/BasicRowProcessorTest.java:19: error: static import only from classes and interfaces
import static org.junit.jupiter.api.Assertions.assertEquals;
^
/home/ubuntu/GenDATA/case_studies/commons-dbutils/src/test/java/org/apache/commons/dbutils/BasicRowProcessorTest.java:20: error: package org.junit.jupiter.api does not exist
import static org.junit.jupiter.api.Assertions.assertFalse;
                                   ^
/home/ubuntu/GenDATA/case_studies/commons-dbutils/src/test/java/org/apache/commons/dbutils/BasicRowProcessorTest.java:20: error: static import only from classes and interfaces
import static org.junit.jupiter.api.Assertions.assertFalse;
^
/home/ubuntu/GenDATA/case_studies/commons-dbutils/src/test/java/org/apache/commons/dbutils/BasicRowProcessorTest.java:21: error: package org.junit.jupiter.api does not exist
import static org.junit.jupiter.api.Assertions.assertNotEquals;
                                   ^
/home/ubuntu/GenDATA/case_studies/commons-dbutils/src/test/java/org/apache/commons/dbutils/BasicRowProcessorTest.java:21: error: static import only from classes and interfaces
import static org.junit.jupiter.api.Assertions.assertNotEquals;
^
/home/ubuntu/GenDATA/case_studies/commons-dbutils/src/test/java/org/apache/commons/dbutils/BasicRowProcessorTest.java:22: error: package org.junit.jupiter.api does not exist
import static org.junit.jupiter.api.Assertions.assertNotNull;
                                   ^
/home/ubuntu/GenDATA/case_studies/commons-dbutils/src/test/java/org/apache/commons/dbutils/BasicRowProcessorTest.java:22: error: static import only from classes and interfaces
import static org.junit.jupiter.api.Assertions.assertNotNull;
^
/home/ubuntu/GenDATA/case_studies/commons-dbutils/src/test/java/org/apache/commons/dbutils/BasicRowProcessorTest.java:23: error: package org.junit.jupiter.api does not exist
import static org.junit.jupiter.api.Assertions.assertNull;
                                   ^
/home/ubuntu/GenDATA/case_studies/commons-dbutils/src/test/java/org/apache/commons/dbutils/BasicRowProcessorTest.java:23: error: static import only from classes and interfaces
import static org.junit.jupiter.api.Assertions.assertNull;
^
/home/ubuntu/GenDATA/case_studies/commons-dbutils/src/test/java/org/apache/commons/dbutils/BasicRowProcessorTest.java:24: error: package org.junit.jupiter.api does not exist
import static org.junit.jupiter.api.Assertions.assertTrue;
                                   ^
/home/ubuntu/GenDATA/case_studies/commons-dbutils/src/test/java/org/apache/commons/dbutils/BasicRowProcessorTest.java:24: error: static import only from classes and interfaces
import static org.junit.jupiter.api.Assertions.assertTrue;
^
/home/ubuntu/GenDATA/case_studies/commons-dbutils/src/test/java/org/apache/commons/dbutils/BasicRowProcessorTest.java:36: error: package org.junit.jupiter.api does not exist
import org.junit.jupiter.api.Test;
                            ^
/home/ubuntu/GenDATA/case_studies/commons-dbutils/src/test/java/org/apache/commons/dbutils/ResultSetIteratorTest.java:19: error: package org.junit.jupiter.api does not exist
import static org.junit.jupiter.api.Assertions.assertEquals;
                                   ^
/home/ubuntu/GenDATA/case_studies/commons-dbutils/src/test/java/org/apache/commons/dbutils/ResultSetIteratorTest.java:19: error: static import only from classes and interfaces
import static org.junit.jupiter.api.Assertions.assertEquals;
^
/home/ubuntu/GenDATA/case_studies/commons-dbutils/src/test/java/org/apache/commons/dbutils/ResultSetIteratorTest.java:20: error: package org.junit.jupiter.api does not exist
import static org.junit.jupiter.api.Assertions.assertFalse;
                                   ^
/home/ubuntu/GenDATA/case_studies/commons-dbutils/src/test/java/org/apache/commons/dbutils/ResultSetIteratorTest.java:20: error: static import only from classes and interfaces
import static org.junit.jupiter.api.Assertions.assertFalse;
^
/home/ubuntu/GenDATA/case_studies/commons-dbutils/src/test/java/org/apache/commons/dbutils/ResultSetIteratorTest.java:21: error: package org.junit.jupiter.api does not exist
import static org.junit.jupiter.api.Assertions.assertThrows;
                                   ^
/home/ubuntu/GenDATA/case_studies/commons-dbutils/src/test/java/org/apache/commons/dbutils/ResultSetIteratorTest.java:21: error: static import only from classes and interfaces
import static org.junit.jupiter.api.Assertions.assertThrows;
^
/home/ubuntu/GenDATA/case_studies/commons-dbutils/src/test/java/org/apache/commons/dbutils/ResultSetIteratorTest.java:22: error: package org.junit.jupiter.api does not exist
import static org.junit.jupiter.api.Assertions.assertTrue;
                                   ^
/home/ubuntu/GenDATA/case_studies/commons-dbutils/src/test/java/org/apache/commons/dbutils/ResultSetIteratorTest.java:22: error: static import only from classes and interfaces
import static org.junit.jupiter.api.Assertions.assertTrue;
^
/home/ubuntu/GenDATA/case_studies/commons-dbutils/src/test/java/org/apache/commons/dbutils/ResultSetIteratorTest.java:23: error: package org.junit.jupiter.api does not exist
import static org.junit.jupiter.api.Assertions.fail;
                                   ^
/home/ubuntu/GenDATA/case_studies/commons-dbutils/src/test/java/org/apache/commons/dbutils/ResultSetIteratorTest.java:23: error: static import only from classes and interfaces
import static org.junit.jupiter.api.Assertions.fail;
^
/home/ubuntu/GenDATA/case_studies/commons-dbutils/src/test/java/org/apache/commons/dbutils/ResultSetIteratorTest.java:24: error: package org.mockito does not exist
import static org.mockito.Mockito.mock;
                         ^
/home/ubuntu/GenDATA/case_studies/commons-dbutils/src/test/java/org/apache/commons/dbutils/ResultSetIteratorTest.java:24: error: static import only from classes and interfaces
import static org.mockito.Mockito.mock;
^
/home/ubuntu/GenDATA/case_studies/commons-dbutils/src/test/java/org/apache/commons/dbutils/ResultSetIteratorTest.java:31: error: package org.junit.jupiter.api does not exist
import org.junit.jupiter.api.Test;
                            ^
/home/ubuntu/GenDATA/case_studies/commons-dbutils/src/test/java/org/apache/commons/dbutils/AsyncQueryRunnerTest.java:21: error: package org.junit.jupiter.api does not exist
import static org.junit.jupiter.api.Assertions.assertThrows;
                                   ^
/home/ubuntu/GenDATA/case_studies/commons-dbutils/src/test/java/org/apache/commons/dbutils/AsyncQueryRunnerTest.java:21: error: static import only from classes and interfaces
import static org.junit.jupiter.api.Assertions.assertThrows;
^
/home/ubuntu/GenDATA/case_studies/commons-dbutils/src/test/java/org/apache/commons/dbutils/AsyncQueryRunnerTest.java:22: error: package org.junit.jupiter.api does not exist
import static org.junit.jupiter.api.Assertions.fail;
                                   ^
/home/ubuntu/GenDATA/case_studies/commons-dbutils/src/test/java/org/apache/commons/dbutils/AsyncQueryRunnerTest.java:22: error: static import only from classes and interfaces
import static org.junit.jupiter.api.Assertions.fail;
^
/home/ubuntu/GenDATA/case_studies/commons-dbutils/src/test/java/org/apache/commons/dbutils/AsyncQueryRunnerTest.java:23: error: package org.mockito does not exist
import static org.mockito.ArgumentMatchers.any;
                         ^
/home/ubuntu/GenDATA/case_studies/commons-dbutils/src/test/java/org/apache/commons/dbutils/AsyncQueryRunnerTest.java:23: error: static import only from classes and interfaces
import static org.mockito.ArgumentMatchers.any;
^
/home/ubuntu/GenDATA/case_studies/commons-dbutils/src/test/java/org/apache/commons/dbutils/AsyncQueryRunnerTest.java:24: error: package org.mockito does not exist
import static org.mockito.Mockito.doThrow;
                         ^
/home/ubuntu/GenDATA/case_studies/commons-dbutils/src/test/java/org/apache/commons/dbutils/AsyncQueryRunnerTest.java:24: error: static import only from classes and interfaces
import static org.mockito.Mockito.doThrow;
^
/home/ubuntu/GenDATA/case_studies/commons-dbutils/src/test/java/org/apache/commons/dbutils/AsyncQueryRunnerTest.java:25: error: package org.mockito does not exist
import static org.mockito.Mockito.mock;
                         ^
/home/ubuntu/GenDATA/case_studies/commons-dbutils/src/test/java/org/apache/commons/dbutils/AsyncQueryRunnerTest.java:25: error: static import only from classes and interfaces
import static org.mockito.Mockito.mock;
^
/home/ubuntu/GenDATA/case_studies/commons-dbutils/src/test/java/org/apache/commons/dbutils/AsyncQueryRunnerTest.java:26: error: package org.mockito does not exist
import static org.mockito.Mockito.times;
                         ^
/home/ubuntu/GenDATA/case_studies/commons-dbutils/src/test/java/org/apache/commons/dbutils/AsyncQueryRunnerTest.java:26: error: static import only from classes and interfaces
import static org.mockito.Mockito.times;
^
/home/ubuntu/GenDATA/case_studies/commons-dbutils/src/test/java/org/apache/commons/dbutils/AsyncQueryRunnerTest.java:27: error: package org.mockito does not exist
import static org.mockito.Mockito.verify;
                         ^
/home/ubuntu/GenDATA/case_studies/commons-dbutils/src/test/java/org/apache/commons/dbutils/AsyncQueryRunnerTest.java:27: error: static import only from classes and interfaces
import static org.mockito.Mockito.verify;
^
/home/ubuntu/GenDATA/case_studies/commons-dbutils/src/test/java/org/apache/commons/dbutils/AsyncQueryRunnerTest.java:28: error: package org.mockito does not exist
import static org.mockito.Mockito.when;
                         ^
/home/ubuntu/GenDATA/case_studies/commons-dbutils/src/test/java/org/apache/commons/dbutils/AsyncQueryRunnerTest.java:28: error: static import only from classes and interfaces
import static org.mockito.Mockito.when;
^
/home/ubuntu/GenDATA/case_studies/commons-dbutils/src/test/java/org/apache/commons/dbutils/AsyncQueryRunnerTest.java:46: error: package org.apache.commons.lang3.stream does not exist
import org.apache.commons.lang3.stream.Streams;
                                      ^
/home/ubuntu/GenDATA/case_studies/commons-dbutils/src/test/java/org/apache/commons/dbutils/AsyncQueryRunnerTest.java:47: error: package org.junit.jupiter.api does not exist
import org.junit.jupiter.api.BeforeEach;
                            ^
/home/ubuntu/GenDATA/case_studies/commons-dbutils/src/test/java/org/apache/commons/dbutils/AsyncQueryRunnerTest.java:48: error: package org.junit.jupiter.api does not exist
import org.junit.jupiter.api.Test;
                            ^
/home/ubuntu/GenDATA/case_studies/commons-dbutils/src/test/java/org/apache/commons/dbutils/AsyncQueryRunnerTest.java:49: error: package org.junit.jupiter.api.extension does not exist
import org.junit.jupiter.api.extension.ExtendWith;
                                      ^
/home/ubuntu/GenDATA/case_studies/commons-dbutils/src/test/java/org/apache/commons/dbutils/AsyncQueryRunnerTest.java:50: error: package org.mockito does not exist
import org.mockito.Mock;
                  ^
/home/ubuntu/GenDATA/case_studies/commons-dbutils/src/test/java/org/apache/commons/dbutils/AsyncQueryRunnerTest.java:51: error: package org.mockito.junit.jupiter does not exist
import org.mockito.junit.jupiter.MockitoExtension;
                                ^
/home/ubuntu/GenDATA/case_studies/commons-dbutils/src/test/java/org/apache/commons/dbutils/AsyncQueryRunnerTest.java:54: error: cannot find symbol
@ExtendWith(MockitoExtension.class)
 ^
  symbol: class ExtendWith
/home/ubuntu/GenDATA/case_studies/commons-dbutils/src/test/java/org/apache/commons/dbutils/DbUtilsTest.java:19: error: package org.junit.jupiter.api does not exist
import static org.junit.jupiter.api.Assertions.assertFalse;
                                   ^
/home/ubuntu/GenDATA/case_studies/commons-dbutils/src/test/java/org/apache/commons/dbutils/DbUtilsTest.java:19: error: static import only from classes and interfaces
import static org.junit.jupiter.api.Assertions.assertFalse;
^
/home/ubuntu/GenDATA/case_studies/commons-dbutils/src/test/java/org/apache/commons/dbutils/DbUtilsTest.java:20: error: package org.junit.jupiter.api does not exist
import static org.junit.jupiter.api.Assertions.assertTrue;
                                   ^
/home/ubuntu/GenDATA/case_studies/commons-dbutils/src/test/java/org/apache/commons/dbutils/DbUtilsTest.java:20: error: static import only from classes and interfaces
import static org.junit.jupiter.api.Assertions.assertTrue;
^
/home/ubuntu/GenDATA/case_studies/commons-dbutils/src/test/java/org/apache/commons/dbutils/DbUtilsTest.java:21: error: package org.junit.jupiter.api does not exist
import static org.junit.jupiter.api.Assertions.fail;
                                   ^
/home/ubuntu/GenDATA/case_studies/commons-dbutils/src/test/java/org/apache/commons/dbutils/DbUtilsTest.java:21: error: static import only from classes and interfaces
import static org.junit.jupiter.api.Assertions.fail;
^
/home/ubuntu/GenDATA/case_studies/commons-dbutils/src/test/java/org/apache/commons/dbutils/DbUtilsTest.java:22: error: package org.mockito does not exist
import static org.mockito.Mockito.doThrow;
                         ^
/home/ubuntu/GenDATA/case_studies/commons-dbutils/src/test/java/org/apache/commons/dbutils/DbUtilsTest.java:22: error: static import only from classes and interfaces
import static org.mockito.Mockito.doThrow;
^
/home/ubuntu/GenDATA/case_studies/commons-dbutils/src/test/java/org/apache/commons/dbutils/DbUtilsTest.java:23: error: package org.mockito does not exist
import static org.mockito.Mockito.mock;
                         ^
/home/ubuntu/GenDATA/case_studies/commons-dbutils/src/test/java/org/apache/commons/dbutils/DbUtilsTest.java:23: error: static import only from classes and interfaces
import static org.mockito.Mockito.mock;
^
/home/ubuntu/GenDATA/case_studies/commons-dbutils/src/test/java/org/apache/commons/dbutils/DbUtilsTest.java:24: error: package org.mockito does not exist
import static org.mockito.Mockito.reset;
                         ^
/home/ubuntu/GenDATA/case_studies/commons-dbutils/src/test/java/org/apache/commons/dbutils/DbUtilsTest.java:24: error: static import only from classes and interfaces
import static org.mockito.Mockito.reset;
^
/home/ubuntu/GenDATA/case_studies/commons-dbutils/src/test/java/org/apache/commons/dbutils/DbUtilsTest.java:25: error: package org.mockito does not exist
import static org.mockito.Mockito.verify;
                         ^
/home/ubuntu/GenDATA/case_studies/commons-dbutils/src/main/java/org/apache/commons/dbutils/StatementConfiguration.java:177: warning: [removal] finalize() in Object has been deprecated and marked for removal
    protected final void finalize() {
                         ^
/home/ubuntu/GenDATA/case_studies/commons-dbutils/src/main/java/org/apache/commons/dbutils/BeanProcessor.java:171: warning: [removal] finalize() in Object has been deprecated and marked for removal
    protected final void finalize() {
                         ^
Note: Some input files use or override a deprecated API.
Note: Recompile with -Xlint:deprecation for details.
Note: /home/ubuntu/GenDATA/case_studies/commons-dbutils/src/test/java/org/apache/commons/dbutils/QueryRunnerTest.java uses unchecked or unsafe operations.
Note: Recompile with -Xlint:unchecked for details.
100 errors
2 warnings
only showing the first 100 errors, of 2182 total; use -Xmaxerrs if you would like to see more
