/home/ubuntu/GenDATA/case_studies/cf_sqlquotes_tests/SqlQuotesConcat.java:10: warning: [assignment] incompatible types in assignment.
    @SqlOddQuotes String oddResult1 = odd1 + odd2;
                                           ^
  found   : @SqlEvenQuotes String
  required: @SqlOddQuotes String
/home/ubuntu/GenDATA/case_studies/cf_sqlquotes_tests/SqlQuotesConcat.java:13: warning: [compound.assignment] expression type incompatible with left-hand side in compound assignment.
    odd1 += odd2;
         ^
  found   : @SqlEvenQuotes String
  required: @SqlOddQuotes String
/home/ubuntu/GenDATA/case_studies/cf_sqlquotes_tests/SqlQuotesConcat.java:15: warning: [compound.assignment] expression type incompatible with left-hand side in compound assignment.
    odd2 += odd1;
         ^
  found   : @SqlEvenQuotes String
  required: @SqlOddQuotes String
/home/ubuntu/GenDATA/case_studies/cf_sqlquotes_tests/SqlQuotesConcat.java:20: warning: [assignment] incompatible types in assignment.
    @SqlOddQuotes String oddResult2 = odd3 + odd4;
                                           ^
  found   : @SqlEvenQuotes String
  required: @SqlOddQuotes String
/home/ubuntu/GenDATA/case_studies/cf_sqlquotes_tests/SqlQuotesConcat.java:23: warning: [compound.assignment] expression type incompatible with left-hand side in compound assignment.
    odd3 += odd4;
         ^
  found   : @SqlEvenQuotes String
  required: @SqlOddQuotes String
/home/ubuntu/GenDATA/case_studies/cf_sqlquotes_tests/SqlQuotesConcat.java:25: warning: [compound.assignment] expression type incompatible with left-hand side in compound assignment.
    odd4 += odd3;
         ^
  found   : @SqlEvenQuotes String
  required: @SqlOddQuotes String
/home/ubuntu/GenDATA/case_studies/cf_sqlquotes_tests/SqlQuotesConcat.java:32: warning: [assignment] incompatible types in assignment.
    @SqlEvenQuotes String evenResult1 = odd1 + even1;
                                             ^
  found   : @SqlOddQuotes String
  required: @SqlEvenQuotes String
/home/ubuntu/GenDATA/case_studies/cf_sqlquotes_tests/SqlQuotesConcat.java:36: warning: [compound.assignment] expression type incompatible with left-hand side in compound assignment.
    even1 += odd1;
          ^
  found   : @SqlOddQuotes String
  required: @SqlEvenQuotes String
/home/ubuntu/GenDATA/case_studies/cf_sqlquotes_tests/SqlQuotesConcat.java:41: warning: [assignment] incompatible types in assignment.
    @SqlEvenQuotes String evenResult2 = odd2 + even2;
                                             ^
  found   : @SqlOddQuotes String
  required: @SqlEvenQuotes String
/home/ubuntu/GenDATA/case_studies/cf_sqlquotes_tests/SqlQuotesConcat.java:45: warning: [compound.assignment] expression type incompatible with left-hand side in compound assignment.
    even2 += odd2;
          ^
  found   : @SqlOddQuotes String
  required: @SqlEvenQuotes String
/home/ubuntu/GenDATA/case_studies/cf_sqlquotes_tests/SqlQuotesConcat.java:52: warning: [assignment] incompatible types in assignment.
    @SqlEvenQuotes String evenResult1 = even1 + odd1;
                                              ^
  found   : @SqlOddQuotes String
  required: @SqlEvenQuotes String
/home/ubuntu/GenDATA/case_studies/cf_sqlquotes_tests/SqlQuotesConcat.java:56: warning: [compound.assignment] expression type incompatible with left-hand side in compound assignment.
    even1 += odd1;
          ^
  found   : @SqlOddQuotes String
  required: @SqlEvenQuotes String
/home/ubuntu/GenDATA/case_studies/cf_sqlquotes_tests/SqlQuotesConcat.java:61: warning: [assignment] incompatible types in assignment.
    @SqlEvenQuotes String evenResult2 = even2 + odd2;
                                              ^
  found   : @SqlOddQuotes String
  required: @SqlEvenQuotes String
/home/ubuntu/GenDATA/case_studies/cf_sqlquotes_tests/SqlQuotesConcat.java:65: warning: [compound.assignment] expression type incompatible with left-hand side in compound assignment.
    even2 += odd2;
          ^
  found   : @SqlOddQuotes String
  required: @SqlEvenQuotes String
/home/ubuntu/GenDATA/case_studies/cf_sqlquotes_tests/SqlQuotesConcat.java:72: warning: [assignment] incompatible types in assignment.
    @SqlOddQuotes String oddResult1 = even1 + even2;
                                            ^
  found   : @SqlEvenQuotes String
  required: @SqlOddQuotes String
/home/ubuntu/GenDATA/case_studies/cf_sqlquotes_tests/SqlQuotesConcat.java:80: warning: [assignment] incompatible types in assignment.
    @SqlOddQuotes String oddResult2 = even3 + even4;
                                            ^
  found   : @SqlEvenQuotes String
  required: @SqlOddQuotes String
/home/ubuntu/GenDATA/case_studies/cf_sqlquotes_tests/SqlQuotesConcat.java:89: warning: [assignment] incompatible types in assignment.
    @SqlOddQuotes String oddResult1 = odd1 + top;
                                           ^
  found   : @SqlQuotesUnknown String
  required: @SqlOddQuotes String
/home/ubuntu/GenDATA/case_studies/cf_sqlquotes_tests/SqlQuotesConcat.java:91: warning: [assignment] incompatible types in assignment.
    @SqlEvenQuotes String evenResult1 = odd1 + top;
                                             ^
  found   : @SqlQuotesUnknown String
  required: @SqlEvenQuotes String
/home/ubuntu/GenDATA/case_studies/cf_sqlquotes_tests/SqlQuotesConcat.java:94: warning: [assignment] incompatible types in assignment.
    @SqlOddQuotes String oddResult2 = top + odd1;
                                          ^
  found   : @SqlQuotesUnknown String
  required: @SqlOddQuotes String
/home/ubuntu/GenDATA/case_studies/cf_sqlquotes_tests/SqlQuotesConcat.java:96: warning: [assignment] incompatible types in assignment.
    @SqlEvenQuotes String evenResult2 = top + odd1;
                                            ^
  found   : @SqlQuotesUnknown String
  required: @SqlEvenQuotes String
/home/ubuntu/GenDATA/case_studies/cf_sqlquotes_tests/SqlQuotesConcat.java:99: warning: [compound.assignment] expression type incompatible with left-hand side in compound assignment.
    odd1 += top;
         ^
  found   : @SqlQuotesUnknown String
  required: @SqlOddQuotes String
/home/ubuntu/GenDATA/case_studies/cf_sqlquotes_tests/SqlQuotesConcat.java:104: warning: [assignment] incompatible types in assignment.
    @SqlOddQuotes String oddResult3 = even1 + top;
                                            ^
  found   : @SqlQuotesUnknown String
  required: @SqlOddQuotes String
/home/ubuntu/GenDATA/case_studies/cf_sqlquotes_tests/SqlQuotesConcat.java:106: warning: [assignment] incompatible types in assignment.
    @SqlEvenQuotes String evenResult3 = even1 + top;
                                              ^
  found   : @SqlQuotesUnknown String
  required: @SqlEvenQuotes String
/home/ubuntu/GenDATA/case_studies/cf_sqlquotes_tests/SqlQuotesConcat.java:109: warning: [assignment] incompatible types in assignment.
    @SqlOddQuotes String oddResult4 = top + even1;
                                          ^
  found   : @SqlQuotesUnknown String
  required: @SqlOddQuotes String
/home/ubuntu/GenDATA/case_studies/cf_sqlquotes_tests/SqlQuotesConcat.java:111: warning: [assignment] incompatible types in assignment.
    @SqlEvenQuotes String evenResult4 = top + even1;
                                            ^
  found   : @SqlQuotesUnknown String
  required: @SqlEvenQuotes String
/home/ubuntu/GenDATA/case_studies/cf_sqlquotes_tests/SqlQuotesConcat.java:114: warning: [compound.assignment] expression type incompatible with left-hand side in compound assignment.
    even1 += top;
          ^
  found   : @SqlQuotesUnknown String
  required: @SqlEvenQuotes String
/home/ubuntu/GenDATA/case_studies/cf_sqlquotes_tests/SqlQuotesConcat.java:118: warning: [assignment] incompatible types in assignment.
    @SqlOddQuotes String oddResult5 = top + top;
                                          ^
  found   : @SqlQuotesUnknown String
  required: @SqlOddQuotes String
/home/ubuntu/GenDATA/case_studies/cf_sqlquotes_tests/SqlQuotesConcat.java:120: warning: [assignment] incompatible types in assignment.
    @SqlEvenQuotes String evenResult5 = top + top;
                                            ^
  found   : @SqlQuotesUnknown String
  required: @SqlEvenQuotes String
/home/ubuntu/GenDATA/case_studies/cf_sqlquotes_tests/SqlQuotesRegex.java:8: warning: [assignment] incompatible types in assignment.
    @SqlOddQuotes String none = "asdf";
                                ^
  found   : @SqlEvenQuotes String
  required: @SqlOddQuotes String
/home/ubuntu/GenDATA/case_studies/cf_sqlquotes_tests/SqlQuotesRegex.java:11: warning: [assignment] incompatible types in assignment.
    @SqlOddQuotes String two = "'asdf'";
                               ^
  found   : @SqlEvenQuotes String
  required: @SqlOddQuotes String
/home/ubuntu/GenDATA/case_studies/cf_sqlquotes_tests/SqlQuotesRegex.java:14: warning: [assignment] incompatible types in assignment.
    @SqlOddQuotes String manyEven = "'asdf''asdf'asdf'asdf'''";
                                    ^
  found   : @SqlEvenQuotes String
  required: @SqlOddQuotes String
/home/ubuntu/GenDATA/case_studies/cf_sqlquotes_tests/SqlQuotesRegex.java:21: warning: [assignment] incompatible types in assignment.
    @SqlEvenQuotes String one = "'asdf";
                                ^
  found   : @SqlOddQuotes String
  required: @SqlEvenQuotes String
/home/ubuntu/GenDATA/case_studies/cf_sqlquotes_tests/SqlQuotesRegex.java:24: warning: [assignment] incompatible types in assignment.
    @SqlEvenQuotes String three = "asdf'asdf''";
                                  ^
  found   : @SqlOddQuotes String
  required: @SqlEvenQuotes String
/home/ubuntu/GenDATA/case_studies/cf_sqlquotes_tests/SqlQuotesRegex.java:27: warning: [assignment] incompatible types in assignment.
    @SqlEvenQuotes String manyOdd = "asdf''''asdf'asdf'asdf'asdf";
                                    ^
  found   : @SqlOddQuotes String
  required: @SqlEvenQuotes String
34 warnings
